commands of git 
1. ls -a to get all files in folder hidden also
2. git status we mainly use in working area or stagging area
3. to track the untracked file we use command git add filename/.(for all file)
4. git restore filename to get back its previous version
5. git diff to check the difference between version eg: git restore test.txt
6. git log :commit 4e99749b5275f231407b1b042ee16fbb4f922706 (HEAD -> master)
           Author: Abhishek sharma <ebox.abhisheksharma@gmail.com>
           Date:   Thu Aug 24 16:00:15 2023 +0530
7. git log --oneline for above info in one line show
8. git checkout version for getting the particular version or git checkout master to get the lastest version
9. git remote -v to get the url to which this repo was linked
10.git remote add name url to connect local with remote repo for the first time then use name ther is no need for url then
11. git pull origin main for the first time then do git pull no other need
12. again update
13.Branching git branch sa all branch visible ho jati hai of that project branch is just the copy of the master branch do some work which not going to harm master and then merge them
14.git branch branchname to create a branch and git checkout branchname to switvh to that branch
15.git checkout master to back to master and then git merge feature1 to merge the branch with master branch/or need to be present in that branch jisma hum merge karna chahata hai feature1 branch ko
PS C:\Users\HP\Desktop\git-practice> git branch
* main
* main
Switched to branch 'feature1'
M       test.txt
PS C:\Users\HP\Desktop\git-practice> git branch
  main
PS C:\Users\HP\Desktop\git-practice> git add .
PS C:\Users\HP\Desktop\git-practice> git commit "branch"
error: pathspec 'branch' did not match any file(s) known to git
PS C:\Users\HP\Desktop\git-practice> git commit -m "branch"
[feature1 29a8a1e] branch
 2 files changed, 9 insertions(+)
 create mode 100644 test2.txt
PS C:\Users\HP\Desktop\git-practice> git checkout main
Switched to branch 'main'
PS C:\Users\HP\Desktop\git-practice> git log --oneline
941af84 (HEAD -> main, origin/main) update
3b042fc check
859361c Update test.txt
c6b7cc4 pull test.txt
87bf48e connection
667aa05 git log
4e99749 test and text
PS C:\Users\HP\Desktop\git-practice> git merge feature1
Updating 941af84..29a8a1e
Fast-forward
 test.txt  | 8 ++++++++
 test2.txt | 1 +
 2 files changed, 9 insertions(+)
 create mode 100644 test2.txt
PS C:\Users\HP\Desktop\git-practice> git log --oneline
29a8a1e (HEAD -> main, feature1) branch
941af84 (origin/main) update
3b042fc check
859361c Update test.txt
c6b7cc4 pull test.txt
87bf48e connection
2e9a135 version control
667aa05 git log
4e99749 test and text


17.to delete the branch git branch -d branchname



